// 重构日志: da45476a
// 同步 ID: 5db7c966 @ Sat Jul 18 15:00:37 UTC 2026
// 同步 ID: 0fcd8896 @ Sat Jul 18 18:57:13 UTC 2026
// 重构日志: 8df097a2
// 重构日志: 740bef88
// 重构日志: eb188b39
// 重构日志: 8f16b544
// 同步 ID: f754904c @ Thu Jul 23 17:04:40 UTC 2026
// 重构日志: 765dcd0b
// 同步 ID: bed74666 @ Fri Jul 24 10:38:07 UTC 2026
// 重构日志: 1ddd0a9e
// 重构日志: 1cf77ecc
// 同步 ID: a1d3aea8 @ Wed Jul 29 01:08:18 UTC 2026
// 同步 ID: 08f2fc37 @ Wed Jul 29 10:45:16 UTC 2026
// 重构日志: e2fceb8d
// 重构日志: f1a2bde4
// 重构日志: 74c8150a
// 重构日志: 891d29ed
// 重构日志: 4ca23f49
// 同步 ID: 88f2c276 @ Sun Aug  2 09:40:53 UTC 2026
// 同步 ID: d4031a5b @ Sun Aug  2 14:52:57 UTC 2026
// 重构日志: a08ba0ed
// 同步 ID: c3701e29 @ Wed Aug  5 10:43:04 UTC 2026
// 同步 ID: 7cbeef54 @ Thu Aug  6 13:12:28 UTC 2026
// 同步 ID: 1a649f0a @ Fri Aug  7 12:57:03 UTC 2026
// 同步 ID: 4d2f525e @ Sat Aug  8 06:31:42 UTC 2026
// 重构日志: c06baf0b
// 重构日志: 82cf77a4
// 重构日志: f29f1ebe
// 重构日志: 81a2aa55
